
> 1beauty-asia@0.0.0 test
> jest --config jest.config.cjs

node.exe : PASS 
tests/integration/auth.test.ts
At line:1 char:1
+ & "C:\Program Files\nodejs/node.exe" 
"C:\Users\Dell\AppData\Roaming\n ...
+ ~~~~~~~~~~~~~~~~~~~~~~~~~~~~~~~~~~~~~~~
~~~~~~~~~~~~~~~~~~~~~~~~~~~~~~
    + CategoryInfo          : NotSpecifi 
   ed: (PASS tests/integration/auth.tes  
  t.ts:String) [], RemoteException
    + FullyQualifiedErrorId : NativeComm 
   andError
 
PASS contexts/__tests__/UserSessionContex
t.test.tsx
  ΓùÅ Console

    console.error
      An update to UserSessionProvider 
inside a test was not wrapped in 
act(...).
      
      When testing, code that causes 
React state updates should be wrapped 
into act(...):
      
      act(() => {
        /* fire events that update state 
*/
      });
      /* assert on the output */
      
      This ensures that you're testing 
the behavior the user would see in the 
browser. Learn more at https://react.dev/
link/wrap-tests-with-act

    [0m [90m 116 |[39m         
console[33m.[39merror([32m'Auth 
change error:'[39m[33m,[39m 
err)[33m;[39m
     [90m 117 |[39m       } 
[36mfinally[39m {
    [31m[1m>[22m[39m[90m 118 |[39m 
        [36mif[39m (mounted) 
setLoading([36mfalse[39m)[33m;[39m
     [90m     |[39m                    
  [31m[1m^[22m[39m
     [90m 119 |[39m       }
     [90m 120 |[39m     }[33m;[39m
     [90m 121 |[39m[0m

      at node_modules/react-dom/cjs/react
-dom-client.development.js:18758:19
      at runWithFiberInDEV (node_modules/
react-dom/cjs/react-dom-client.developmen
t.js:874:13)
      at 
warnIfUpdatesNotWrappedWithActDEV (node_m
odules/react-dom/cjs/react-dom-client.dev
elopment.js:18757:9)
      at scheduleUpdateOnFiber (node_modu
les/react-dom/cjs/react-dom-client.develo
pment.js:16409:11)
      at dispatchSetStateInternal (node_m
odules/react-dom/cjs/react-dom-client.dev
elopment.js:9170:13)
      at dispatchSetState (node_modules/r
eact-dom/cjs/react-dom-client.development
.js:9127:7)
      at handleAuthChange 
(contexts/UserSessionContext.tsx:118:22)
      at 
contexts/UserSessionContext.tsx:157:9

FAIL components/__tests__/ProtectedRoute.
test.tsx
  ΓùÅ ProtectedRoute ΓÇ║ should render 
children when user is authenticated

    useAuth must be used within 
AuthProvider

    [0m [90m 36 |[39m   
[36mconst[39m context [33m=[39m useCo
ntext([33mAuthContext[39m)[33m;[39m
     [90m 37 |[39m   [36mif[39m 
([33m![39mcontext) {
    [31m[1m>[22m[39m[90m 38 |[39m  
   [36mthrow[39m [36mnew[39m 
[33mError[39m([32m'useAuth must be 
used within 
AuthProvider'[39m)[33m;[39m
     [90m    |[39m           
[31m[1m^[22m[39m
     [90m 39 |[39m   }
     [90m 40 |[39m   [36mreturn[39m 
context[33m;[39m
     [90m 41 |[39m }[33m;[39m[0m

      at useAuth 
(providers/AuthProvider.tsx:38:11)
      at ProtectedRoute 
(components/ProtectedRoute.tsx:13:45)
      at Object.react_stack_bottom_frame 
(node_modules/react-dom/cjs/react-dom-cli
ent.development.js:25904:20)
      at renderWithHooks (node_modules/re
act-dom/cjs/react-dom-client.development.
js:7662:22)
      at updateFunctionComponent (node_mo
dules/react-dom/cjs/react-dom-client.deve
lopment.js:10166:19)
      at beginWork (node_modules/react-do
m/cjs/react-dom-client.development.js:117
78:18)
      at runWithFiberInDEV (node_modules/
react-dom/cjs/react-dom-client.developmen
t.js:874:13)
      at performUnitOfWork (node_modules/
react-dom/cjs/react-dom-client.developmen
t.js:17641:22)
      at workLoopSync (node_modules/react
-dom/cjs/react-dom-client.development.js:
17469:41)
      at renderRootSync (node_modules/rea
ct-dom/cjs/react-dom-client.development.j
s:17450:11)
      at performWorkOnRoot (node_modules/
react-dom/cjs/react-dom-client.developmen
t.js:16583:35)
      at 
performWorkOnRootViaSchedulerTask (node_m
odules/react-dom/cjs/react-dom-client.dev
elopment.js:18957:7)
      at flushActQueue (node_modules/reac
t/cjs/react.development.js:590:34)
      at 
process.env.NODE_ENV.exports.act (node_mo
dules/react/cjs/react.development.js:884:
10)
      at node_modules/@testing-library/re
act/dist/act-compat.js:46:25
      at renderRoot (node_modules/@testin
g-library/react/dist/pure.js:189:26)
      at render (node_modules/@testing-li
brary/react/dist/pure.js:291:10)
      at Object.<anonymous> (components/_
_tests__/ProtectedRoute.test.tsx:45:11)

  ΓùÅ ProtectedRoute ΓÇ║ should show 
loading state when loading

    useAuth must be used within 
AuthProvider

    [0m [90m 36 |[39m   
[36mconst[39m context [33m=[39m useCo
ntext([33mAuthContext[39m)[33m;[39m
     [90m 37 |[39m   [36mif[39m 
([33m![39mcontext) {
    [31m[1m>[22m[39m[90m 38 |[39m  
   [36mthrow[39m [36mnew[39m 
[33mError[39m([32m'useAuth must be 
used within 
AuthProvider'[39m)[33m;[39m
     [90m    |[39m           
[31m[1m^[22m[39m
     [90m 39 |[39m   }
     [90m 40 |[39m   [36mreturn[39m 
context[33m;[39m
     [90m 41 |[39m }[33m;[39m[0m

      at useAuth 
(providers/AuthProvider.tsx:38:11)
      at ProtectedRoute 
(components/ProtectedRoute.tsx:13:45)
      at Object.react_stack_bottom_frame 
(node_modules/react-dom/cjs/react-dom-cli
ent.development.js:25904:20)
      at renderWithHooks (node_modules/re
act-dom/cjs/react-dom-client.development.
js:7662:22)
      at updateFunctionComponent (node_mo
dules/react-dom/cjs/react-dom-client.deve
lopment.js:10166:19)
      at beginWork (node_modules/react-do
m/cjs/react-dom-client.development.js:117
78:18)
      at runWithFiberInDEV (node_modules/
react-dom/cjs/react-dom-client.developmen
t.js:874:13)
      at performUnitOfWork (node_modules/
react-dom/cjs/react-dom-client.developmen
t.js:17641:22)
      at workLoopSync (node_modules/react
-dom/cjs/react-dom-client.development.js:
17469:41)
      at renderRootSync (node_modules/rea
ct-dom/cjs/react-dom-client.development.j
s:17450:11)
      at performWorkOnRoot (node_modules/
react-dom/cjs/react-dom-client.developmen
t.js:16583:35)
      at 
performWorkOnRootViaSchedulerTask (node_m
odules/react-dom/cjs/react-dom-client.dev
elopment.js:18957:7)
      at flushActQueue (node_modules/reac
t/cjs/react.development.js:590:34)
      at 
process.env.NODE_ENV.exports.act (node_mo
dules/react/cjs/react.development.js:884:
10)
      at node_modules/@testing-library/re
act/dist/act-compat.js:46:25
      at renderRoot (node_modules/@testin
g-library/react/dist/pure.js:189:26)
      at render (node_modules/@testing-li
brary/react/dist/pure.js:291:10)
      at Object.<anonymous> (components/_
_tests__/ProtectedRoute.test.tsx:62:11)

  ΓùÅ ProtectedRoute ΓÇ║ should redirect 
to login when user is not authenticated

    useAuth must be used within 
AuthProvider

    [0m [90m 36 |[39m   
[36mconst[39m context [33m=[39m useCo
ntext([33mAuthContext[39m)[33m;[39m
     [90m 37 |[39m   [36mif[39m 
([33m![39mcontext) {
    [31m[1m>[22m[39m[90m 38 |[39m  
   [36mthrow[39m [36mnew[39m 
[33mError[39m([32m'useAuth must be 
used within 
AuthProvider'[39m)[33m;[39m
     [90m    |[39m           
[31m[1m^[22m[39m
     [90m 39 |[39m   }
     [90m 40 |[39m   [36mreturn[39m 
context[33m;[39m
     [90m 41 |[39m }[33m;[39m[0m

      at useAuth 
(providers/AuthProvider.tsx:38:11)
      at ProtectedRoute 
(components/ProtectedRoute.tsx:13:45)
      at Object.react_stack_bottom_frame 
(node_modules/react-dom/cjs/react-dom-cli
ent.development.js:25904:20)
      at renderWithHooks (node_modules/re
act-dom/cjs/react-dom-client.development.
js:7662:22)
      at updateFunctionComponent (node_mo
dules/react-dom/cjs/react-dom-client.deve
lopment.js:10166:19)
      at beginWork (node_modules/react-do
m/cjs/react-dom-client.development.js:117
78:18)
      at runWithFiberInDEV (node_modules/
react-dom/cjs/react-dom-client.developmen
t.js:874:13)
      at performUnitOfWork (node_modules/
react-dom/cjs/react-dom-client.developmen
t.js:17641:22)
      at workLoopSync (node_modules/react
-dom/cjs/react-dom-client.development.js:
17469:41)
      at renderRootSync (node_modules/rea
ct-dom/cjs/react-dom-client.development.j
s:17450:11)
      at performWorkOnRoot (node_modules/
react-dom/cjs/react-dom-client.developmen
t.js:16583:35)
      at 
performWorkOnRootViaSchedulerTask (node_m
odules/react-dom/cjs/react-dom-client.dev
elopment.js:18957:7)
      at flushActQueue (node_modules/reac
t/cjs/react.development.js:590:34)
      at 
process.env.NODE_ENV.exports.act (node_mo
dules/react/cjs/react.development.js:884:
10)
      at node_modules/@testing-library/re
act/dist/act-compat.js:46:25
      at renderRoot (node_modules/@testin
g-library/react/dist/pure.js:189:26)
      at render (node_modules/@testing-li
brary/react/dist/pure.js:291:10)
      at Object.<anonymous> (components/_
_tests__/ProtectedRoute.test.tsx:80:11)

  ΓùÅ ProtectedRoute ΓÇ║ should preserve 
location state when redirecting

    useAuth must be used within 
AuthProvider

    [0m [90m 36 |[39m   
[36mconst[39m context [33m=[39m useCo
ntext([33mAuthContext[39m)[33m;[39m
     [90m 37 |[39m   [36mif[39m 
([33m![39mcontext) {
    [31m[1m>[22m[39m[90m 38 |[39m  
   [36mthrow[39m [36mnew[39m 
[33mError[39m([32m'useAuth must be 
used within 
AuthProvider'[39m)[33m;[39m
     [90m    |[39m           
[31m[1m^[22m[39m
     [90m 39 |[39m   }
     [90m 40 |[39m   [36mreturn[39m 
context[33m;[39m
     [90m 41 |[39m }[33m;[39m[0m

      at useAuth 
(providers/AuthProvider.tsx:38:11)
      at ProtectedRoute 
(components/ProtectedRoute.tsx:13:45)
      at Object.react_stack_bottom_frame 
(node_modules/react-dom/cjs/react-dom-cli
ent.development.js:25904:20)
      at renderWithHooks (node_modules/re
act-dom/cjs/react-dom-client.development.
js:7662:22)
      at updateFunctionComponent (node_mo
dules/react-dom/cjs/react-dom-client.deve
lopment.js:10166:19)
      at beginWork (node_modules/react-do
m/cjs/react-dom-client.development.js:117
78:18)
      at runWithFiberInDEV (node_modules/
react-dom/cjs/react-dom-client.developmen
t.js:874:13)
      at performUnitOfWork (node_modules/
react-dom/cjs/react-dom-client.developmen
t.js:17641:22)
      at workLoopSync (node_modules/react
-dom/cjs/react-dom-client.development.js:
17469:41)
      at renderRootSync (node_modules/rea
ct-dom/cjs/react-dom-client.development.j
s:17450:11)
      at performWorkOnRoot (node_modules/
react-dom/cjs/react-dom-client.developmen
t.js:16583:35)
      at 
performWorkOnRootViaSchedulerTask (node_m
odules/react-dom/cjs/react-dom-client.dev
elopment.js:18957:7)
      at flushActQueue (node_modules/reac
t/cjs/react.development.js:590:34)
      at 
process.env.NODE_ENV.exports.act (node_mo
dules/react/cjs/react.development.js:884:
10)
      at node_modules/@testing-library/re
act/dist/act-compat.js:46:25
      at renderRoot (node_modules/@testin
g-library/react/dist/pure.js:189:26)
      at render (node_modules/@testing-li
brary/react/dist/pure.js:291:10)
      at Object.<anonymous> (components/_
_tests__/ProtectedRoute.test.tsx:100:11)

PASS components/__tests__/PermissionGuard
.test.tsx
PASS tests/integration/crud.test.ts
PASS components/__tests__/LoadingState.te
st.tsx
PASS 
tests/regression/critical-paths.test.ts
PASS contexts/__tests__/BusinessDataConte
xt.test.tsx
  ΓùÅ Console

    console.error
      Unexpected error fetching 
businesses: TypeError: countQuery.or is 
not a function
          at Object.fetchBusinesses 
(C:\Users\Dell\Desktop\GITHUB CODE\Beauty
-main\contexts\BusinessDataContext.tsx:22
8:37)
          at 
C:\Users\Dell\Desktop\GITHUB CODE\Beauty-
main\contexts\__tests__\BusinessDataConte
xt.test.tsx:201:7

    [0m [90m 289 |[39m       }
     [90m 290 |[39m     } 
[36mcatch[39m (error[33m:[39m 
unknown) {
    [31m[1m>[22m[39m[90m 291 |[39m 
      
console[33m.[39merror([32m'Unexpected 
error fetching 
businesses:'[39m[33m,[39m 
error)[33m;[39m
     [90m     |[39m               
[31m[1m^[22m[39m
     [90m 292 |[39m       [90m// 
Don't show toast during initial load - 
silent fail with cache fallback[39m
     [90m 293 |[39m       [90m// Only 
show toast for user-initiated fetches 
(when page > 1 or has search 
options)[39m
     [90m 294 |[39m       [36mif[39m 
(page [33m>[39m [35m1[39m 
[33m||[39m options[33m.[39msearch 
[33m||[39m options[33m.[39mcategory 
[33m||[39m options[33m.[39mlocation) 
{[0m

      at Object.fetchBusinesses 
(contexts/BusinessDataContext.tsx:291:15)
      at contexts/__tests__/BusinessDataC
ontext.test.tsx:201:7

PASS lib/__tests__/utils.test.ts
PASS lib/__tests__/image.test.ts
PASS 
tests/examples/component.test.example.tsx
PASS tests/examples/hook.test.example.ts
PASS tests/examples/api.test.example.ts
PASS lib/__tests__/utils-extended.test.ts

Test Suites: 1 failed, 13 passed, 14 
total
Tests:       4 failed, 63 passed, 67 
total
Snapshots:   0 total
Time:        7.841 s
Ran all test suites.
